
> alhaq-initiative-website@1.0.0 test:comprehensive
> node tests/comprehensive-tests.mjs

[34m
=== Comprehensive Website Testing Suite ===
[0m
[33mStarting local server on port 8080...[0m
[36mDiscovering HTML files...[0m
[32mFound 52 HTML pages
[0m
[33mÔÜá /404.html[0m
[33m  ÔÜá WARNINGS (2):[0m
[33m    - No <header> element found[0m
[33m    - No <footer> element found[0m
[32mÔ£ô /about.html[0m
[33mÔÜá /all-infographics.html[0m
[33m  ÔÜá WARNINGS (2):[0m
[33m    - Multiple <h1> headings found (2)[0m
[33m    - Large inline script #1 (15705 chars)[0m
[32mÔ£ô /contact.html[0m
[32mÔ£ô /deenhub.html[0m
[32mÔ£ô /deenhub_join_beta.html[0m
[33mÔÜá /deenshield/main.html[0m
[33m  ÔÜá WARNINGS (1):[0m
[33m    - No <main> element found[0m
[32mÔ£ô /donate.html[0m
[33mÔÜá /golden-speech.html[0m
[33m  ÔÜá WARNINGS (2):[0m
[33m    - No <header> element found[0m
[33m    - No <footer> element found[0m
[32mÔ£ô /help.html[0m
[32mÔ£ô /[0m
[32mÔ£ô /legal/deenhub_docs/deenhub_privacy_policy.html[0m
[32mÔ£ô /legal/deenhub_docs/deenhub_terms.html[0m
[32mÔ£ô /legal/deenshield_docs/privacy-policies/ar/index.html[0m
[33mÔÜá /legal/deenshield_docs/privacy-policies/desktop/ar/index.html[0m
[33m  ÔÜá WARNINGS (2):[0m
[33m    - No <header> element found[0m
[33m    - No <footer> element found[0m
[33mÔÜá /legal/deenshield_docs/privacy-policies/desktop/fa/index.html[0m
[33m  ÔÜá WARNINGS (2):[0m
[33m    - No <header> element found[0m
[33m    - No <footer> element found[0m
[32mÔ£ô /legal/deenshield_docs/privacy-policies/desktop/index.html[0m
[33mÔÜá /legal/deenshield_docs/privacy-policies/desktop/ps/index.html[0m
[33m  ÔÜá WARNINGS (2):[0m
[33m    - No <header> element found[0m
[33m    - No <footer> element found[0m
[32mÔ£ô /legal/deenshield_docs/privacy-policies/en/main-privacy.html[0m
[31mÔ£ù /legal/deenshield_docs/privacy-policies/extension/ar/index.html[0m
[31m  Ô£ù ERRORS (1):[0m
[31m    - Missing global script assets/js/site.js[0m
[33m  ÔÜá WARNINGS (2):[0m
[33m    - No <header> element found[0m
[33m    - No <footer> element found[0m
[31mÔ£ù /legal/deenshield_docs/privacy-policies/extension/fa/index.html[0m
[31m  Ô£ù ERRORS (3):[0m
[31m    - Missing global script assets/js/site.js[0m
[31m    - No stylesheet links found[0m
[31m    - Missing <head> tag[0m
[33m  ÔÜá WARNINGS (7):[0m
[33m    - Missing <title> tag[0m
[33m    - Missing charset meta tag[0m
[33m    - Missing viewport meta tag[0m
[33m    - No <header> element found[0m
[33m    - No <main> element found[0m
[33m    - No <footer> element found[0m
[33m    - No lang attribute on <html> tag[0m
[32mÔ£ô /legal/deenshield_docs/privacy-policies/extension/index.html[0m
[31mÔ£ù /legal/deenshield_docs/privacy-policies/extension/ps/index.html[0m
[31m  Ô£ù ERRORS (3):[0m
[31m    - Missing global script assets/js/site.js[0m
[31m    - No stylesheet links found[0m
[31m    - Missing <head> tag[0m
[33m  ÔÜá WARNINGS (7):[0m
[33m    - Missing <title> tag[0m
[33m    - Missing charset meta tag[0m
[33m    - Missing viewport meta tag[0m
[33m    - No <header> element found[0m
[33m    - No <main> element found[0m
[33m    - No <footer> element found[0m
[33m    - No lang attribute on <html> tag[0m
[32mÔ£ô /legal/deenshield_docs/privacy-policies/fa/index.html[0m
[33mÔÜá /legal/deenshield_docs/privacy-policies/manager/ar/index.html[0m
[33m  ÔÜá WARNINGS (2):[0m
[33m    - No <header> element found[0m
[33m    - No <footer> element found[0m
[33mÔÜá /legal/deenshield_docs/privacy-policies/manager/fa/index.html[0m
[33m  ÔÜá WARNINGS (2):[0m
[33m    - No <header> element found[0m
[33m    - No <footer> element found[0m
[32mÔ£ô /legal/deenshield_docs/privacy-policies/manager/index.html[0m
[33mÔÜá /legal/deenshield_docs/privacy-policies/manager/ps/index.html[0m
[33m  ÔÜá WARNINGS (2):[0m
[33m    - No <header> element found[0m
[33m    - No <footer> element found[0m
[33mÔÜá /legal/deenshield_docs/privacy-policies/mobile/ar/index.html[0m
[33m  ÔÜá WARNINGS (2):[0m
[33m    - No <header> element found[0m
[33m    - No <footer> element found[0m
[33mÔÜá /legal/deenshield_docs/privacy-policies/mobile/fa/index.html[0m
[33m  ÔÜá WARNINGS (2):[0m
[33m    - No <header> element found[0m
[33m    - No <footer> element found[0m
[32mÔ£ô /legal/deenshield_docs/privacy-policies/mobile/index.html[0m
[33mÔÜá /legal/deenshield_docs/privacy-policies/mobile/ps/index.html[0m
[33m  ÔÜá WARNINGS (2):[0m
[33m    - No <header> element found[0m
[33m    - No <footer> element found[0m
[32mÔ£ô /legal/deenshield_docs/privacy-policies/ps/index.html[0m
[33mÔÜá /legal/deenshield_docs/support/ar/index.html[0m
[33m  ÔÜá WARNINGS (2):[0m
[33m    - No <header> element found[0m
[33m    - No <footer> element found[0m
[32mÔ£ô /legal/deenshield_docs/support/en/index.html[0m
[33mÔÜá /legal/deenshield_docs/support/fa/index.html[0m
[33m  ÔÜá WARNINGS (2):[0m
[33m    - No <header> element found[0m
[33m    - No <footer> element found[0m
[33mÔÜá /legal/deenshield_docs/support/ps/index.html[0m
[33m  ÔÜá WARNINGS (2):[0m
[33m    - No <header> element found[0m
[33m    - No <footer> element found[0m
[33mÔÜá /legal/deenshield_docs/terms/ar/index.html[0m
[33m  ÔÜá WARNINGS (2):[0m
[33m    - No <header> element found[0m
[33m    - No <footer> element found[0m
[33mÔÜá /legal/deenshield_docs/terms/en/index.html[0m
[33m  ÔÜá WARNINGS (1):[0m
[33m    - No <header> element found[0m
[33mÔÜá /legal/deenshield_docs/terms/fa/index.html[0m
[33m  ÔÜá WARNINGS (2):[0m
[33m    - No <header> element found[0m
[33m    - No <footer> element found[0m
[33mÔÜá /legal/deenshield_docs/terms/ps/index.html[0m
[33m  ÔÜá WARNINGS (2):[0m
[33m    - No <header> element found[0m
[33m    - No <footer> element found[0m
[32mÔ£ô /legal/docs.html[0m
[32mÔ£ô /legal/privacy_hub.html[0m
[32mÔ£ô /legal/support_hub.html[0m
[32mÔ£ô /legal/terms_hub.html[0m
[32mÔ£ô /library.html[0m
[32mÔ£ô /media.html[0m
[33mÔÜá /offline.html[0m
[33m  ÔÜá WARNINGS (3):[0m
[33m    - No <header> element found[0m
[33m    - No <main> element found[0m
[33m    - No <footer> element found[0m
[32mÔ£ô /products.html[0m
[33mÔÜá /quran.html[0m
[33m  ÔÜá WARNINGS (1):[0m
[33m    - No <h1> heading found[0m
[32mÔ£ô /quranhub.html[0m
[32mÔ£ô /services.html[0m
[36m
=== Validating 61 unique internal links ===
[0m
[31mÔ£ù /privacy/main-privacy.html - HTTP 404[0m
[31mÔ£ù /terms/en/index.html - HTTP 404[0m
[31mÔ£ù /support/en/index.html - HTTP 404[0m
[31mÔ£ù /privacy/ar/index.html - HTTP 404[0m
[31mÔ£ù /privacy/fa/index.html - HTTP 404[0m
[31mÔ£ù /privacy/ps/index.html - HTTP 404[0m
[31mÔ£ù /deenshield/privacy/extension/ar/index.html - HTTP 404[0m
[34m
=== Test Summary ===
[0m
[32mTotal pages tested: 52[0m
[32mPassed: 49[0m
[33mWith warnings: 22[0m
[31mFailed: 3[0m
[31mBroken links: 7[0m
[31m
Tests FAILED Ô£ù[0m
